
> Bewa Homes@0.1.0 test
> jest __tests__/ReviewSection.test.tsx

node.exe : ÔÜá Specified "headers" will not automatically work with "output: export". See more info here: 
https://nextjs.org/docs/messages/export-no-custom-routes
At C:\Program Files\nodejs\npm.ps1:29 char:3
+   & $NODE_EXE $NPM_CLI_JS $args
+   ~~~~~~~~~~~~~~~~~~~~~~~~~~~~~
    + CategoryInfo          : NotSpecified: (ÔÜá Specified "...o-custom-routes:String) [], RemoteException
    + FullyQualifiedErrorId : NativeCommandError
 
  console.error
    An update to ReviewSection inside a test was not wrapped in act(...).
    
    When testing, code that causes React state updates should be wrapped into act(...):
    
    act(() => {
      /* fire events that update state */
    });
    /* assert on the output */
    
    This ensures that you're testing the behavior the user would see in the browser. Learn more at https://react.dev/link/wrap-tests-with-act

    [0m [90m 82 |[39m     [36mtry[39m {
     [90m 83 |[39m       [36mawait[39m addDoc(collection(db[33m,[39m [32m'reviews'[39m)[33m,[39m {
    [31m[1m>[22m[39m[90m 84 |[39m         unitId[33m,[39m
     [90m    |[39m                 [31m[1m^[22m[39m
     [90m 85 |[39m         userId[33m:[39m user[33m.[39muid[33m,[39m
     [90m 86 |[39m         userName[33m:[39m user[33m.[39mdisplayName [33m||[39m [32m'Anonymous'[39m[33m,[39m
     [90m 87 |[39m         rating[33m,[39m[0m

      at node_modules/react-dom/cjs/react-dom-client.development.js:18758:19
      at runWithFiberInDEV (node_modules/react-dom/cjs/react-dom-client.development.js:874:13)
      at warnIfUpdatesNotWrappedWithActDEV (node_modules/react-dom/cjs/react-dom-client.development.js:18757:9)
      at scheduleUpdateOnFiber (node_modules/react-dom/cjs/react-dom-client.development.js:16409:11)
      at dispatchSetStateInternal (node_modules/react-dom/cjs/react-dom-client.development.js:9170:13)
      at dispatchSetState (node_modules/react-dom/cjs/react-dom-client.development.js:9127:7)
      at checkEligibility (components/ReviewSection.tsx:84:17)

  console.error
    TypeError: (0 , _firestore.serverTimestamp) is not a function
        at handleSubmit (C:\Users\USER\Music\WEBSITES\bewa\components\ReviewSection.tsx:89:35)
        at executeDispatch (C:\Users\USER\Music\WEBSITES\bewa\node_modules\react-dom\cjs\react-dom-client.development.js:19116:9)
        at runWithFiberInDEV (C:\Users\USER\Music\WEBSITES\bewa\node_modules\react-dom\cjs\react-dom-client.development.js:874:13)
        at processDispatchQueue (C:\Users\USER\Music\WEBSITES\bewa\node_modules\react-dom\cjs\react-dom-client.development.js:19166:19)
        at C:\Users\USER\Music\WEBSITES\bewa\node_modules\react-dom\cjs\react-dom-client.development.js:19767:9
        at batchedUpdates$1 (C:\Users\USER\Music\WEBSITES\bewa\node_modules\react-dom\cjs\react-dom-client.development.js:3255:40)
        at dispatchEventForPluginEventSystem (C:\Users\USER\Music\WEBSITES\bewa\node_modules\react-dom\cjs\react-dom-client.development.js:19320:7)
        at dispatchEvent (C:\Users\USER\Music\WEBSITES\bewa\node_modules\react-dom\cjs\react-dom-client.development.js:23585:11)
        at dispatchDiscreteEvent (C:\Users\USER\Music\WEBSITES\bewa\node_modules\react-dom\cjs\react-dom-client.development.js:23553:11)
        at HTMLDivElement.callTheUserObjectsOperation (C:\Users\USER\Music\WEBSITES\bewa\node_modules\jsdom\lib\jsdom\living\generated\EventListener.js:26:30)
        at innerInvokeEventListeners (C:\Users\USER\Music\WEBSITES\bewa\node_modules\jsdom\lib\jsdom\living\events\EventTarget-impl.js:350:25)
        at invokeEventListeners (C:\Users\USER\Music\WEBSITES\bewa\node_modules\jsdom\lib\jsdom\living\events\EventTarget-impl.js:286:3)
        at HTMLFormElementImpl._dispatch (C:\Users\USER\Music\WEBSITES\bewa\node_modules\jsdom\lib\jsdom\living\events\EventTarget-impl.js:233:9)
        at fireAnEvent (C:\Users\USER\Music\WEBSITES\bewa\node_modules\jsdom\lib\jsdom\living\helpers\events.js:18:36)
        at HTMLFormElementImpl.requestSubmit (C:\Users\USER\Music\WEBSITES\bewa\node_modules\jsdom\lib\jsdom\living\nodes\HTMLFormElement-impl.js:126:10)
        at HTMLFormElementImpl._doRequestSubmit (C:\Users\USER\Music\WEBSITES\bewa\node_modules\jsdom\lib\jsdom\living\nodes\HTMLFormElement-impl.js:100:10)
        at HTMLButtonElementImpl._activationBehavior (C:\Users\USER\Music\WEBSITES\bewa\node_modules\jsdom\lib\jsdom\living\nodes\HTMLButtonElement-impl.js:23:14)
        at HTMLButtonElementImpl._dispatch (C:\Users\USER\Music\WEBSITES\bewa\node_modules\jsdom\lib\jsdom\living\events\EventTarget-impl.js:252:26)
        at HTMLButtonElementImpl.dispatchEvent (C:\Users\USER\Music\WEBSITES\bewa\node_modules\jsdom\lib\jsdom\living\events\EventTarget-impl.js:104:17)
        at HTMLButtonElement.dispatchEvent (C:\Users\USER\Music\WEBSITES\bewa\node_modules\jsdom\lib\jsdom\living\generated\EventTarget.js:241:34)
        at C:\Users\USER\Music\WEBSITES\bewa\node_modules\@testing-library\dom\dist\events.js:19:20
        at C:\Users\USER\Music\WEBSITES\bewa\node_modules\@testing-library\react\dist\pure.js:107:16
        at C:\Users\USER\Music\WEBSITES\bewa\node_modules\@testing-library\react\dist\act-compat.js:47:24
        at process.env.NODE_ENV.exports.act (C:\Users\USER\Music\WEBSITES\bewa\node_modules\react\cjs\react.development.js:814:22)
        at C:\Users\USER\Music\WEBSITES\bewa\node_modules\@testing-library\react\dist\act-compat.js:46:25
        at Object.eventWrapper (C:\Users\USER\Music\WEBSITES\bewa\node_modules\@testing-library\react\dist\pure.js:106:28)
        at fireEvent (C:\Users\USER\Music\WEBSITES\bewa\node_modules\@testing-library\dom\dist\events.js:12:35)
        at Function.fireEvent.<computed> [as click] (C:\Users\USER\Music\WEBSITES\bewa\node_modules\@testing-library\dom\dist\events.js:110:36)
        at Function.click (C:\Users\USER\Music\WEBSITES\bewa\node_modules\@testing-library\react\dist\fire-event.js:15:52)
        at Object.<anonymous> (C:\Users\USER\Music\WEBSITES\bewa\__tests__\ReviewSection.test.tsx:53:15)
        at runNextTicks (node:internal/process/task_queues:65:5)
        at processTimers (node:internal/timers:520:9)

    [0m [90m 108 |[39m       [33m<[39m[33mdiv[39m style[33m=[39m{{ display[33m:[39m [32m'flex'[39m[33m,[39m justifyContent[33m:[39m [32m'space-between'[39m[33m,[39m alignItems[33m:[39m [32m'center'[39m[33m,[39m marginBottom[33m:[39m [32m'2.5rem'[39m }}[33m>[39m
     [90m 109 |[39m         [33m<[39m[33mdiv[39m[33m>[39m
    [31m[1m>[22m[39m[90m 110 |[39m           [33m<[39m[33mh2[39m style[33m=[39m{{ fontSize[33m:[39m [32m'1.8rem'[39m[33m,[39m color[33m:[39m [32m'var(--title-color)'[39m[33m,[39m fontFamily[33m:[39m [32m'var(--font-playfair)'[39m[33m,[39m marginBottom[33m:[39m [32m'0.5rem'[39m }}[33m>[39m[33mGuest[39m [33mExperience[39m[33m<[39m[33m/[39m[33mh2[39m[33m>[39m
     [90m     |[39m                     [31m[1m^[22m[39m
     [90m 111 |[39m           [33m<[39m[33mp[39m style[33m=[39m{{ color[33m:[39m [32m'var(--muted)'[39m[33m,[39m fontSize[33m:[39m [32m'0.9rem'[39m }}[33m>[39m{reviews[33m.[39mlength} total reviews [36mfor[39m [36mthis[39m property[33m.[39m[33m<[39m[33m/[39m[33mp[39m[33m>[39m
     [90m 112 |[39m         [33m<[39m[33m/[39m[33mdiv[39m[33m>[39m
     [90m 113 |[39m         [33m<[39m[33mdiv[39m style[33m=[39m{{ textAlign[33m:[39m [32m'right'[39m }}[33m>[39m[0m

      at handleSubmit (components/ReviewSection.tsx:110:21)
      at executeDispatch (node_modules/react-dom/cjs/react-dom-client.development.js:19116:9)
      at runWithFiberInDEV (node_modules/react-dom/cjs/react-dom-client.development.js:874:13)
      at processDispatchQueue (node_modules/react-dom/cjs/react-dom-client.development.js:19166:19)
      at node_modules/react-dom/cjs/react-dom-client.development.js:19767:9
      at batchedUpdates$1 (node_modules/react-dom/cjs/react-dom-client.development.js:3255:40)
      at dispatchEventForPluginEventSystem (node_modules/react-dom/cjs/react-dom-client.development.js:19320:7)
      at dispatchEvent (node_modules/react-dom/cjs/react-dom-client.development.js:23585:11)
      at dispatchDiscreteEvent (node_modules/react-dom/cjs/react-dom-client.development.js:23553:11)
      at HTMLDivElement.callTheUserObjectsOperation (node_modules/jsdom/lib/jsdom/living/generated/EventListener.js:26:30)
      at innerInvokeEventListeners (node_modules/jsdom/lib/jsdom/living/events/EventTarget-impl.js:350:25)
      at invokeEventListeners (node_modules/jsdom/lib/jsdom/living/events/EventTarget-impl.js:286:3)
      at HTMLFormElementImpl._dispatch (node_modules/jsdom/lib/jsdom/living/events/EventTarget-impl.js:233:9)
      at fireAnEvent (node_modules/jsdom/lib/jsdom/living/helpers/events.js:18:36)
      at HTMLFormElementImpl.requestSubmit (node_modules/jsdom/lib/jsdom/living/nodes/HTMLFormElement-impl.js:126:10)
      at HTMLFormElementImpl._doRequestSubmit (node_modules/jsdom/lib/jsdom/living/nodes/HTMLFormElement-impl.js:100:10)
      at HTMLButtonElementImpl._activationBehavior (node_modules/jsdom/lib/jsdom/living/nodes/HTMLButtonElement-impl.js:23:14)
      at HTMLButtonElementImpl._dispatch (node_modules/jsdom/lib/jsdom/living/events/EventTarget-impl.js:252:26)
      at HTMLButtonElementImpl.dispatchEvent (node_modules/jsdom/lib/jsdom/living/events/EventTarget-impl.js:104:17)
      at HTMLButtonElement.dispatchEvent (node_modules/jsdom/lib/jsdom/living/generated/EventTarget.js:241:34)
      at node_modules/@testing-library/dom/dist/events.js:19:20
      at node_modules/@testing-library/react/dist/pure.js:107:16
      at node_modules/@testing-library/react/dist/act-compat.js:47:24
      at process.env.NODE_ENV.exports.act (node_modules/react/cjs/react.development.js:814:22)
      at node_modules/@testing-library/react/dist/act-compat.js:46:25
      at Object.eventWrapper (node_modules/@testing-library/react/dist/pure.js:106:28)
      at fireEvent (node_modules/@testing-library/dom/dist/events.js:12:35)
      at fireEvent.<computed> [as click] (node_modules/@testing-library/dom/dist/events.js:110:36)
      at fireEvent.<computed> [as click] (node_modules/@testing-library/react/dist/fire-event.js:15:52)
      at Object.<anonymous> (__tests__/ReviewSection.test.tsx:82:27)

  console.error
    Error: Not implemented: window.alert
        at handleSubmit (C:\Users\USER\Music\WEBSITES\bewa\components\ReviewSection.tsx:111:13)
        at Object.<anonymous> (C:\Users\USER\Music\WEBSITES\bewa\__tests__\ReviewSection.test.tsx:82:27) {
      type: 'not implemented'
    }

    [0m [90m 109 |[39m         [33m<[39m[33mdiv[39m[33m>[39m
     [90m 110 |[39m           [33m<[39m[33mh2[39m style[33m=[39m{{ fontSize[33m:[39m [32m'1.8rem'[39m[33m,[39m color[33m:[39m [32m'var(--title-color)'[39m[33m,[39m fontFamily[33m:[39m [32m'var(--font-playfair)'[39m[33m,[39m marginBottom[33m:[39m [32m'0.5rem'[39m }}[33m>[39m[33mGuest[39m [33mExperience[39m[33m<[39m[33m/[39m[33mh2[39m[33m>[39m
    [31m[1m>[22m[39m[90m 111 |[39m           [33m<[39m[33mp[39m style[33m=[39m{{ color[33m:[39m [32m'var(--muted)'[39m[33m,[39m fontSize[33m:[39m [32m'0.9rem'[39m }}[33m>[39m{reviews[33m.[39mlength} total reviews [36mfor[39m [36mthis[39m property[33m.[39m[33m<[39m[33m/[39m[33mp[39m[33m>[39m
     [90m     |[39m             [31m[1m^[22m[39m
     [90m 112 |[39m         [33m<[39m[33m/[39m[33mdiv[39m[33m>[39m
     [90m 113 |[39m         [33m<[39m[33mdiv[39m style[33m=[39m{{ textAlign[33m:[39m [32m'right'[39m }}[33m>[39m
     [90m 114 |[39m            [33m<[39m[33mp[39m style[33m=[39m{{ fontSize[33m:[39m [32m'2.5rem'[39m[33m,[39m fontWeight[33m:[39m [35m800[39m[33m,[39m color[33m:[39m [32m'var(--primary-gold)'[39m[33m,[39m margin[33m:[39m [35m0[39m }}[33m>[39m{avgRating}[33m<[39m[33m/[39m[33mp[39m[33m>[39m[0m

      at VirtualConsole.<anonymous> (node_modules/@jest/environment-jsdom-abstract/build/index.js:87:23)
      at module.exports (node_modules/jsdom/lib/jsdom/browser/not-implemented.js:12:26)
      at node_modules/jsdom/lib/jsdom/browser/Window.js:960:7
      at handleSubmit (components/ReviewSection.tsx:111:13)
      at executeDispatch (node_modules/react-dom/cjs/react-dom-client.development.js:19116:9)
      at runWithFiberInDEV (node_modules/react-dom/cjs/react-dom-client.development.js:874:13)
      at processDispatchQueue (node_modules/react-dom/cjs/react-dom-client.development.js:19166:19)
      at node_modules/react-dom/cjs/react-dom-client.development.js:19767:9
      at batchedUpdates$1 (node_modules/react-dom/cjs/react-dom-client.development.js:3255:40)
      at dispatchEventForPluginEventSystem (node_modules/react-dom/cjs/react-dom-client.development.js:19320:7)
      at dispatchEvent (node_modules/react-dom/cjs/react-dom-client.development.js:23585:11)
      at dispatchDiscreteEvent (node_modules/react-dom/cjs/react-dom-client.development.js:23553:11)
      at HTMLDivElement.callTheUserObjectsOperation (node_modules/jsdom/lib/jsdom/living/generated/EventListener.js:26:30)
      at innerInvokeEventListeners (node_modules/jsdom/lib/jsdom/living/events/EventTarget-impl.js:350:25)
      at invokeEventListeners (node_modules/jsdom/lib/jsdom/living/events/EventTarget-impl.js:286:3)
      at HTMLFormElementImpl._dispatch (node_modules/jsdom/lib/jsdom/living/events/EventTarget-impl.js:233:9)
      at fireAnEvent (node_modules/jsdom/lib/jsdom/living/helpers/events.js:18:36)
      at HTMLFormElementImpl.requestSubmit (node_modules/jsdom/lib/jsdom/living/nodes/HTMLFormElement-impl.js:126:10)
      at HTMLFormElementImpl._doRequestSubmit (node_modules/jsdom/lib/jsdom/living/nodes/HTMLFormElement-impl.js:100:10)
      at HTMLButtonElementImpl._activationBehavior (node_modules/jsdom/lib/jsdom/living/nodes/HTMLButtonElement-impl.js:23:14)
      at HTMLButtonElementImpl._dispatch (node_modules/jsdom/lib/jsdom/living/events/EventTarget-impl.js:252:26)
      at HTMLButtonElementImpl.dispatchEvent (node_modules/jsdom/lib/jsdom/living/events/EventTarget-impl.js:104:17)
      at HTMLButtonElement.dispatchEvent (node_modules/jsdom/lib/jsdom/living/generated/EventTarget.js:241:34)
      at node_modules/@testing-library/dom/dist/events.js:19:20
      at node_modules/@testing-library/react/dist/pure.js:107:16
      at node_modules/@testing-library/react/dist/act-compat.js:47:24
      at process.env.NODE_ENV.exports.act (node_modules/react/cjs/react.development.js:814:22)
      at node_modules/@testing-library/react/dist/act-compat.js:46:25
      at Object.eventWrapper (node_modules/@testing-library/react/dist/pure.js:106:28)
      at fireEvent (node_modules/@testing-library/dom/dist/events.js:12:35)
      at fireEvent.<computed> [as click] (node_modules/@testing-library/dom/dist/events.js:110:36)
      at fireEvent.<computed> [as click] (node_modules/@testing-library/react/dist/fire-event.js:15:52)
      at Object.<anonymous> (__tests__/ReviewSection.test.tsx:82:27)

PASS __tests__/ReviewSection.test.tsx
  ReviewSection Component
    ÔêÜ renders existing reviews (565 ms)
    ÔêÜ allows submission if user has a completed booking (409 ms)

Test Suites: 1 passed, 1 total
Tests:       2 passed, 2 total
Snapshots:   0 total
Time:        11.136 s
Ran all test suites matching __tests__/ReviewSection.test.tsx.
